REFUSE [IL-SBOM-SUBJECT-ABSENT]: child caddy/prod/linux/amd64: caddy-prod-linux-amd64.spdx.json names no subject at all. An SBOM that does not say what it describes cannot be bound to a child, and an unbindable SBOM is how a foreign bill of materials passes for this one
REFUSE [IL-SBOM-SUBJECT-ABSENT]: child caddy/prod/linux/arm64: caddy-prod-linux-arm64.spdx.json names no subject at all. An SBOM that does not say what it describes cannot be bound to a child, and an unbindable SBOM is how a foreign bill of materials passes for this one
REFUSE [IL-SBOM-SUBJECT-ABSENT]: child nginx/prod/linux/amd64: nginx-prod-linux-amd64.spdx.json names no subject at all. An SBOM that does not say what it describes cannot be bound to a child, and an unbindable SBOM is how a foreign bill of materials passes for this one
REFUSE [IL-SBOM-SUBJECT-ABSENT]: child nginx/prod/linux/arm64: nginx-prod-linux-arm64.spdx.json names no subject at all. An SBOM that does not say what it describes cannot be bound to a child, and an unbindable SBOM is how a foreign bill of materials passes for this one
REFUSE [IL-SBOM-SUBJECT-ABSENT]: child php-cli/8.3/linux/amd64: php-cli-8.3-linux-amd64.spdx.json names no subject at all. An SBOM that does not say what it describes cannot be bound to a child, and an unbindable SBOM is how a foreign bill of materials passes for this one
REFUSE [IL-SBOM-SUBJECT-ABSENT]: child php-cli/8.3/linux/arm64: php-cli-8.3-linux-arm64.spdx.json names no subject at all. An SBOM that does not say what it describes cannot be bound to a child, and an unbindable SBOM is how a foreign bill of materials passes for this one
REFUSE [IL-SBOM-SUBJECT-ABSENT]: child php-cli/8.4/linux/amd64: php-cli-8.4-linux-amd64.spdx.json names no subject at all. An SBOM that does not say what it describes cannot be bound to a child, and an unbindable SBOM is how a foreign bill of materials passes for this one
REFUSE [IL-SBOM-SUBJECT-ABSENT]: child php-cli/8.4/linux/arm64: php-cli-8.4-linux-arm64.spdx.json names no subject at all. An SBOM that does not say what it describes cannot be bound to a child, and an unbindable SBOM is how a foreign bill of materials passes for this one
REFUSE [IL-SBOM-SUBJECT-ABSENT]: child php-fpm/8.3/linux/amd64: php-fpm-8.3-linux-amd64.spdx.json names no subject at all. An SBOM that does not say what it describes cannot be bound to a child, and an unbindable SBOM is how a foreign bill of materials passes for this one
REFUSE [IL-SBOM-SUBJECT-ABSENT]: child php-fpm/8.3/linux/arm64: php-fpm-8.3-linux-arm64.spdx.json names no subject at all. An SBOM that does not say what it describes cannot be bound to a child, and an unbindable SBOM is how a foreign bill of materials passes for this one
REFUSE [IL-SBOM-SUBJECT-ABSENT]: child php-fpm/8.4/linux/amd64: php-fpm-8.4-linux-amd64.spdx.json names no subject at all. An SBOM that does not say what it describes cannot be bound to a child, and an unbindable SBOM is how a foreign bill of materials passes for this one
REFUSE [IL-SBOM-SUBJECT-ABSENT]: child php-fpm/8.4/linux/arm64: php-fpm-8.4-linux-arm64.spdx.json names no subject at all. An SBOM that does not say what it describes cannot be bound to a child, and an unbindable SBOM is how a foreign bill of materials passes for this one
REFUSE [IL-SBOM-SUBJECT-ABSENT]: child php-frankenphp/8.3/linux/amd64: php-frankenphp-8.3-linux-amd64.spdx.json names no subject at all. An SBOM that does not say what it describes cannot be bound to a child, and an unbindable SBOM is how a foreign bill of materials passes for this one
REFUSE [IL-SBOM-SUBJECT-ABSENT]: child php-frankenphp/8.3/linux/arm64: php-frankenphp-8.3-linux-arm64.spdx.json names no subject at all. An SBOM that does not say what it describes cannot be bound to a child, and an unbindable SBOM is how a foreign bill of materials passes for this one
REFUSE [IL-SBOM-SUBJECT-ABSENT]: child php-frankenphp/8.4/linux/amd64: php-frankenphp-8.4-linux-amd64.spdx.json names no subject at all. An SBOM that does not say what it describes cannot be bound to a child, and an unbindable SBOM is how a foreign bill of materials passes for this one
REFUSE [IL-SBOM-SUBJECT-ABSENT]: child php-frankenphp/8.4/linux/arm64: php-frankenphp-8.4-linux-arm64.spdx.json names no subject at all. An SBOM that does not say what it describes cannot be bound to a child, and an unbindable SBOM is how a foreign bill of materials passes for this one
REFUSE [IL-SBOM-SUBJECT-ABSENT]: child php-worker/8.3/linux/amd64: php-worker-8.3-linux-amd64.spdx.json names no subject at all. An SBOM that does not say what it describes cannot be bound to a child, and an unbindable SBOM is how a foreign bill of materials passes for this one
REFUSE [IL-SBOM-SUBJECT-ABSENT]: child php-worker/8.3/linux/arm64: php-worker-8.3-linux-arm64.spdx.json names no subject at all. An SBOM that does not say what it describes cannot be bound to a child, and an unbindable SBOM is how a foreign bill of materials passes for this one
REFUSE [IL-SBOM-SUBJECT-ABSENT]: child php-worker/8.4/linux/amd64: php-worker-8.4-linux-amd64.spdx.json names no subject at all. An SBOM that does not say what it describes cannot be bound to a child, and an unbindable SBOM is how a foreign bill of materials passes for this one
REFUSE [IL-SBOM-SUBJECT-ABSENT]: child php-worker/8.4/linux/arm64: php-worker-8.4-linux-arm64.spdx.json names no subject at all. An SBOM that does not say what it describes cannot be bound to a child, and an unbindable SBOM is how a foreign bill of materials passes for this one

image-SBOM licence binding REFUSED: 20 finding(s), codes: IL-SBOM-SUBJECT-ABSENT
